
Subsection title: Subsection 1.1. Introduction  


1. Overview of African Swine Fever (ASF) as a highly contagious and devastating disease in swine populations.  

FACT: African Swine Fever (ASF) is a highly contagious viral disease that affects domestic and wild pigs, causing severe economic losses in the swine industry. [1]

FACT: ASF has a mortality rate of up to 100% in affected swine populations, making it one of the most devastating diseases in the pig industry. [2]

FACT: The ASF virus is highly resistant and can survive in various environments, including meat products and contaminated surfaces, contributing to its rapid spread. [3]

FACT: ASF has no effective vaccine or treatment, making prevention and control measures critical to managing outbreaks. [4]


2. Economic and agricultural impact of ASF outbreaks globally.  

FACT: African Swine Fever (ASF) outbreaks have caused significant economic losses globally, with an estimated $130 billion in losses between 2018 and 2020.   [5]

FACT: China, the world's largest pork producer, lost over 40% of its pig population due to ASF outbreaks in 2019, leading to a surge in pork prices.   [6]

FACT: The European Union spent over €1.3 billion between 2014 and 2020 to combat ASF outbreaks, including compensation for farmers and control measures.   [7]

FACT: ASF outbreaks in Vietnam in 2019 led to the culling of over 6 million pigs, accounting for 20% of the country's pig population, severely impacting local farmers.   [5]

FACT: The global pork trade was disrupted by ASF outbreaks, with countries like Germany and Poland facing export bans and reduced market access.   [8]


3. Brief history of ASF vaccine development efforts.  

FACT: The first attempts to develop an African Swine Fever (ASF) vaccine began in the 1960s using inactivated viruses, but these efforts were largely unsuccessful due to the virus's complex nature.   [9]

FACT: Live attenuated vaccines have shown some promise in ASF vaccine development, but safety concerns and the risk of reversion to virulence have limited their widespread use.   [10]

FACT: Recent advancements in molecular biology have enabled the development of subunit and mRNA vaccines for ASF, offering safer and more targeted approaches.   [11]

FACT: The lack of cross-protection between different ASF virus strains has been a significant challenge in developing a universal vaccine.   [12]


4. Current challenges in controlling ASF with existing strategies.  

FACT: The lack of an effective vaccine against African Swine Fever (ASF) is a major challenge in controlling the disease. [3]

FACT: Current control measures for ASF rely heavily on biosecurity and culling of infected animals, which are costly and disruptive. [13]

FACT: The persistence of ASF in wild boar populations complicates eradication efforts and increases the risk of transmission to domestic pigs. [14]

FACT: Limited international coordination and varying biosecurity standards hinder effective control of ASF across borders. [15]

FACT: The high genetic diversity of ASF virus strains makes it difficult to develop a universal vaccine. [16]


5. Introduction to mRNA vaccines as a promising new approach for ASF prevention.  

FACT: mRNA vaccines offer a rapid and adaptable platform for developing vaccines against emerging infectious diseases, including African Swine Fever (ASF).   [17]

FACT: mRNA vaccines can induce both humoral and cellular immune responses, which are crucial for effective protection against ASF.   [17]

FACT: The use of mRNA vaccines for ASF could overcome challenges associated with traditional vaccine development, such as time-consuming production and safety concerns.   [18]

FACT: mRNA vaccines can be rapidly designed and produced once the genetic sequence of the pathogen is known, making them highly suitable for combating ASF outbreaks.   [17]

FACT: The success of mRNA vaccines in combating COVID-19 has demonstrated their potential for application in veterinary medicine, including ASF prevention.   [18]


Subsection title: Subsection 1.2. Current Vaccine Approaches  


1. Description of live attenuated vaccines and their limitations (e.g., safety concerns, incomplete protection).  

FACT: Live attenuated vaccines for African Swine Fever (ASF) are created by weakening the virus so it can induce immunity without causing disease, but they pose safety concerns such as the risk of reversion to virulence.   [19]

FACT: Live attenuated ASF vaccines can provide incomplete protection, as they may not prevent infection or transmission in all vaccinated animals.   [20]

FACT: The development of live attenuated ASF vaccines is complicated by the virus's complex genome and the lack of a robust cell culture system for attenuation.   [21]

FACT: Live attenuated ASF vaccines may induce adverse reactions in vaccinated animals, including fever and tissue damage, limiting their widespread use.   [12]


2. Overview of inactivated vaccines and their inefficacy against ASFV.  

FACT: Inactivated vaccines for African Swine Fever (ASF) have shown limited efficacy due to the virus's complex structure and ability to evade immune responses. [22]

FACT: Inactivated ASFV vaccines fail to induce robust cellular immunity, which is crucial for protection against the virus. [23]

FACT: The lack of efficacy of inactivated ASFV vaccines is attributed to their inability to replicate and stimulate a comprehensive immune response. [24]

FACT: Inactivated vaccines have failed to provide protection in experimental trials, highlighting the need for alternative vaccine strategies. [25]


3. Subunit vaccines and their challenges in eliciting robust immune responses.  

FACT: Subunit vaccines for African Swine Fever (ASF) often struggle to elicit robust immune responses due to their reliance on a limited set of antigens. [26]

FACT: The lack of adjuvants in subunit vaccines for ASF can further reduce their ability to stimulate effective immune responses. [27]

FACT: Subunit vaccines for ASF face challenges in mimicking the natural infection process, which is crucial for eliciting comprehensive immunity. [28]

FACT: The variability in immune responses to subunit vaccines among different pig populations poses a significant challenge for ASF vaccine development. [29]

FACT: Subunit vaccines for ASF often require multiple booster doses to achieve even partial protection, which is impractical for large-scale vaccination programs. [30]


4. Viral vector-based vaccines and their progress in ASF research.  

FACT: Viral vector-based vaccines, such as those using adenovirus or poxvirus vectors, have shown promise in eliciting immune responses against African Swine Fever Virus (ASFV) in preclinical studies.   [31]

FACT: A recombinant adenovirus expressing ASFV antigens has been developed and tested in pigs, showing partial protection against the virus.   [32]

FACT: Poxvirus-based vectors, such as modified vaccinia Ankara (MVA), have been explored for ASFV vaccine development due to their ability to induce strong immune responses.   [33]

FACT: Challenges in viral vector-based vaccines for ASFV include ensuring long-term immunity and addressing potential safety concerns related to vector immunogenicity.   [25]


5. Comparison of efficacy, safety, and scalability of current vaccine platforms.  

FACT: Live attenuated vaccines for African swine fever (ASF) have shown high efficacy in experimental settings but pose safety concerns due to the risk of reversion to virulence.   [34]

FACT: Inactivated vaccines for ASF are considered safer but have demonstrated limited efficacy in providing robust immune protection.   [23]

FACT: Subunit vaccines for ASF are scalable and safe but face challenges in achieving sufficient efficacy due to the complex nature of the virus.   [35]

FACT: mRNA vaccines offer a promising platform for ASF due to their rapid development, scalability, and ability to induce strong immune responses without the risk of live virus use.   [36]

FACT: Vector-based vaccines for ASF have shown moderate efficacy but face challenges in scalability and potential immune interference from pre-existing immunity to the vector.   [37]


Subsection title: Subsection 1.3. Limitations of Existing ASFV Vaccines  


1. Inability of current vaccines to provide cross-protection against diverse ASFV strains.  


1. Inability of current vaccines to provide cross-protection against diverse ASFV strains.  

FACT: Current live-attenuated vaccines for African Swine Fever Virus (ASFV) often fail to provide cross-protection against diverse ASFV strains due to the virus's genetic variability and complex immune evasion mechanisms.   [38]

FACT: The lack of cross-protection in ASFV vaccines is attributed to the virus's ability to modulate host immune responses and the absence of conserved immunogenic targets across strains.   [39]

FACT: Experimental ASFV subunit vaccines have shown limited efficacy in cross-protection, highlighting the need for novel vaccine platforms like mRNA vaccines.   [40]


2. Safety issues, including the risk of reversion to virulence in live attenuated vaccines.  

FACT: Live attenuated vaccines for African Swine Fever (ASF) carry the risk of reversion to virulence, which can lead to outbreaks in vaccinated populations.   [41]

FACT: The safety of live attenuated ASF vaccines is compromised by their potential to cause chronic infections and persistent shedding of the virus.   [42]

FACT: Inadequate attenuation of ASF live vaccines can lead to severe clinical signs and mortality in vaccinated animals, undermining their safety profile.   [27]


3. Challenges in achieving long-lasting immunity with existing vaccine candidates.  

FACT: Current African Swine Fever (ASF) vaccines, including live attenuated vaccines, often fail to induce long-lasting immunity due to the virus's complex mechanisms of immune evasion.   [43]

FACT: The immune response elicited by existing ASF vaccine candidates is short-lived, requiring frequent booster doses to maintain protection.   [44]

FACT: The genetic diversity of ASFV strains complicates the development of vaccines that provide durable immunity across different viral isolates.   [45]

FACT: Existing ASF vaccines often fail to induce robust memory T-cell responses, which are critical for long-term immunity.   [46]

FACT: The lack of a reliable correlate of protection for ASF vaccines makes it difficult to assess and ensure long-lasting immunity.   [47]


4. Difficulties in large-scale production and distribution of traditional vaccines.  

FACT: Traditional vaccines for African Swine Fever (ASF) often require complex and costly production processes, including the need for high-containment facilities to handle live viruses. [10]

FACT: The distribution of traditional ASF vaccines is hindered by the need for a cold chain to maintain vaccine stability, which is particularly challenging in resource-limited settings. [46]

FACT: The scalability of traditional ASF vaccines is limited by the time-consuming process of virus cultivation and the need for large quantities of live virus for vaccine production. [48]

FACT: Regulatory hurdles and safety concerns associated with live-attenuated vaccines further complicate the large-scale production and distribution of traditional ASF vaccines. [49]

FACT: The lack of a DIVA (Differentiating Infected from Vaccinated Animals) strategy in traditional ASF vaccines complicates disease control and eradication efforts. [25]


5. Lack of vaccines that effectively prevent both clinical disease and virus transmission.  

FACT: Current African Swine Fever (ASF) vaccines, such as live attenuated vaccines, fail to provide effective cross-protection against diverse ASFV strains, limiting their utility in controlling the disease.   [10]

FACT: Existing ASF vaccines are unable to simultaneously prevent clinical disease and block virus transmission, which is critical for effective disease control.   [50]

FACT: The lack of vaccines that prevent both clinical disease and virus transmission has hindered efforts to eradicate ASF in endemic regions.   [51]

FACT: Despite advances in vaccine development, no ASF vaccine has been approved that can fully prevent both disease symptoms and viral spread.   [52]


Subsection title: Subsection 1.4. The Need for Innovative Vaccine Technologies  


1. Growing demand for rapid and adaptable vaccine platforms in response to emerging ASFV strains.  

FACT: The rapid emergence of new African Swine Fever Virus (ASFV) strains necessitates the development of adaptable vaccine platforms to ensure timely and effective responses.   [53]

FACT: Traditional vaccine development methods are often too slow to keep pace with the rapid mutation rates of ASFV, emphasizing the need for innovative approaches like mRNA vaccines.   [54]

FACT: mRNA vaccines offer a promising solution for ASFV due to their ability to be quickly designed and produced in response to new viral strains.   [55]

FACT: The adaptability of mRNA vaccine platforms allows for the incorporation of genetic sequences from newly identified ASFV strains, enhancing their effectiveness.   [56]

FACT: The global spread of ASFV has intensified the demand for rapid vaccine development technologies to mitigate economic and agricultural losses.   [3]


2. Advantages of mRNA vaccines, including speed of development and flexibility in antigen design.  

FACT: mRNA vaccines can be developed rapidly due to their synthetic production process, which eliminates the need for cell culture and complex purification steps. [57]

FACT: mRNA vaccines offer flexibility in antigen design, enabling the incorporation of multiple antigens or modifications to enhance immunogenicity. [55]

FACT: The production of mRNA vaccines is highly scalable, making them suitable for rapid response to emerging infectious diseases. [58]

FACT: mRNA vaccines can be updated quickly to address new viral variants by simply modifying the mRNA sequence. [59]

FACT: mRNA vaccines induce both humoral and cellular immune responses, providing comprehensive protection against pathogens. [60]


3. Potential of mRNA vaccines to overcome limitations of traditional vaccine approaches.  

FACT: mRNA vaccines can be rapidly developed and manufactured, offering a significant advantage over traditional vaccines that often require lengthy production processes. [61]

FACT: mRNA vaccines can induce both humoral and cellular immune responses, providing a more comprehensive immune defense compared to some traditional vaccines. [62]

FACT: mRNA vaccines do not require the use of live virus, reducing the risk of vaccine-induced infection and making them safer for immunocompromised individuals. [63]

FACT: mRNA vaccines can be easily modified to target new strains or variants of a virus, providing flexibility in addressing evolving pathogens. [59]

FACT: mRNA vaccines have shown high efficacy in clinical trials, demonstrating their potential to outperform some traditional vaccine platforms. [64]


4. Role of mRNA vaccines in addressing global ASF outbreaks and ensuring food security.  

FACT: mRNA vaccines offer a rapid and adaptable platform for developing vaccines against African Swine Fever (ASF), which is crucial for controlling outbreaks and ensuring global food security.   [65]

FACT: The ability of mRNA vaccines to induce strong immune responses in pigs could significantly reduce the spread of ASF, protecting the global pork industry and food supply chains.   [66]

FACT: The flexibility of mRNA vaccine technology allows for the incorporation of multiple ASF viral antigens, enhancing the potential for broader protection against diverse ASF strains.   [56]

FACT: mRNA vaccines can be produced at scale quickly, making them a viable solution for mass vaccination campaigns in response to ASF outbreaks, particularly in resource-limited settings.   [67]

FACT: The use of mRNA vaccines in ASF control could reduce economic losses in the pork industry, which is vital for maintaining food security in many countries.   [3]


5. Introduction to ongoing research and trials exploring mRNA vaccines for ASF.FACT: Researchers are exploring mRNA vaccines for African Swine Fever (ASF) due to their potential for rapid development and high efficacy.   [68]

FACT: A recent study demonstrated the potential of mRNA vaccines to induce strong immune responses against ASF in preclinical trials.   [69]

FACT: Collaborations between academic institutions and biotech companies are accelerating the development of mRNA vaccines for ASF.   [70]

FACT: mRNA vaccines for ASF are being designed to target specific viral proteins, such as p30 and p54, to enhance immune protection.   [71]

FACT: Regulatory agencies are actively evaluating the safety and efficacy of mRNA vaccines for ASF to ensure their suitability for widespread use.   [72]

