Subsection title: Subsection 1.1. Introduction  
Suggested ideas:  
1. Overview of African Swine Fever (ASF) as a highly contagious and devastating disease in swine populations.  
2. Economic and agricultural impact of ASF outbreaks globally.  
3. Brief history of ASF vaccine development efforts.  
4. Current challenges in controlling ASF with existing strategies.  
5. Introduction to mRNA vaccines as a promising new approach for ASF prevention.  

Subsection title: Subsection 1.2. Current Vaccine Approaches  
Suggested ideas:  
1. Description of live attenuated vaccines and their limitations (e.g., safety concerns, incomplete protection).  
2. Overview of inactivated vaccines and their inefficacy against ASFV.  
3. Subunit vaccines and their challenges in eliciting robust immune responses.  
4. Viral vector-based vaccines and their progress in ASF research.  
5. Comparison of efficacy, safety, and scalability of current vaccine platforms.  

Subsection title: Subsection 1.3. Limitations of Existing ASFV Vaccines  
Suggested ideas:  
1. Inability of current vaccines to provide cross-protection against diverse ASFV strains.  
2. Safety issues, including the risk of reversion to virulence in live attenuated vaccines.  
3. Challenges in achieving long-lasting immunity with existing vaccine candidates.  
4. Difficulties in large-scale production and distribution of traditional vaccines.  
5. Lack of vaccines that effectively prevent both clinical disease and virus transmission.  

Subsection title: Subsection 1.4. The Need for Innovative Vaccine Technologies  
Suggested ideas:  
1. Growing demand for rapid and adaptable vaccine platforms in response to emerging ASFV strains.  
2. Advantages of mRNA vaccines, including speed of development and flexibility in antigen design.  
3. Potential of mRNA vaccines to overcome limitations of traditional vaccine approaches.  
4. Role of mRNA vaccines in addressing global ASF outbreaks and ensuring food security.  
5. Introduction to ongoing research and trials exploring mRNA vaccines for ASF.