
**Section 1. The progress and limitations of the current ASFV vaccines**


Subsection title: Subsection 1.1. Live-attenuated ASFV vaccines

1. History and development of live-attenuated ASFV vaccines

FACT: Live-attenuated African swine fever virus (ASFV) vaccines have been developed through various methods, including the deletion of virulence-associated genes to reduce the virus's ability to cause disease. For example, the deletion of virulence-associated genes from attenuated ASFV isolate OUR T88/3 decreases its ability to protect against challenge with virulent virus.

FACT: Researchers have been working on live-attenuated vaccines since the early 2000s, with studies focusing on enhancing DNA immunization by targeting ASFV antigens to specific cells, such as SLA-II bearing cells, to improve immune response.

FACT: One of the challenges with live-attenuated ASFV vaccines is the potential for severe toxic side effects, such as fever, abortion, and chronic or persistent health issues in vaccinated swine.

FACT: Despite these challenges, live-attenuated vaccines have shown protective effects against ASFV, particularly in experimental settings. For instance, a pool of eight virally vectored ASFV antigens has been shown to protect pigs against fatal disease.

FACT: The use of live-attenuated vaccines is limited in free-disease areas due to the risk of the vaccine virus becoming virulent again, which necessitates the development of alternative vaccine strategies.


2. Efficacy and safety profile of live-attenuated ASFV vaccines in field trials

FACT: Live-attenuated ASFV vaccines have shown promising safety and efficacy in experimental and field conditions, with some candidates providing complete protection against lethal challenges with virulent strains.

FACT: However, swine vaccinated with naturally attenuated vaccines can manifest severe toxic side effects, such as fever, abortion, and chronic or persistent infection.

FACT: Gene-deleted live-attenuated vaccine candidates have been generated by deleting virulence genes from virulent ASFV strains, and these have demonstrated safety and efficacy in field trials.

FACT: The deletion of specific virulence genes, such as the I177L gene, has resulted in sterile immunity against the current epidemic Eurasia strain of ASFV.


3. Challenges associated with the use of live-attenuated ASFV vaccines (e.g., risk of disease transmission)

FACT: Live-attenuated ASFV vaccines can manifest severe toxic side effects in swine, such as fever, abortion, and chronic or persistent infection.

FACT: The use of live-attenuated vaccines has limitations, particularly in disease-free areas, due to the risk of disease transmission and the potential for reversion to virulence.

FACT: Live-attenuated vaccines can lead to chronic or persistent infections, which complicates their use in controlling ASF outbreaks.

FACT: These vaccines often cause significant clinical signs in pigs, ranging from peracute to chronic, depending on the virulence of the viral strain and the age of the infected pig.



Subsection title: Subsection 1.2. Inactivated and protein ASFV vaccine

1. Overview of inactivated and protein-based ASFV vaccines

FACT: Inactivated and protein-based ASFV vaccines have been explored as alternatives to live-attenuated vaccines, which can manifest severe toxic side effects such as fever, abortion, and chronic or persistent infection in swine.

FACT: Live-attenuated vaccines, while showing protective effects, have limitations, particularly in free-disease areas, prompting the development of novel subunit vaccines using self-amplifying mRNA-nanoparticles.

FACT: Self-amplifying mRNA vaccines are being developed to express critical ASFV proteins identified as inducing a protective immune response in pigs, offering a promising approach to avoid the drawbacks of live-attenuated vaccines.

FACT: The use of self-amplifying mRNA in nanoparticle technology requires only 1-2 μg of mRNA to produce immunity in swine, and the nanoparticle stabilizes the mRNA, allowing for simplicity in manufacture and storage at refrigerator temperatures.

FACT: Gene-deleted live-attenuated vaccines, although not strictly inactivated or protein-based, have shown promise by deleting virulence genes from virulent ASFV strains, demonstrating safety and efficacy in experimental and field conditions.


2. Comparison of efficacy and safety profiles with other vaccine types

FACT: Live-attenuated vaccines (LAVs) for ASFV have shown protective effects but come with limitations, such as severe toxic side effects like fever, abortion, and chronic or persistent infection, especially in free-disease areas.

FACT: Self-amplifying mRNA vaccines for ASFV and Classical Swine Fever (CSF) are being developed to overcome the limitations of LAVs, requiring only 1-2 μg of mRNA when combined with nanoparticle technology to produce immunity in swine, and these vaccines are stable at refrigerator temperatures.

FACT: Gene-deleted live-attenuated ASFV vaccines have demonstrated promising safety and efficacy by deleting virulence genes, providing complete protection against lethal challenges with virulent strains in experimental settings.

FACT: mRNA vaccines, such as those using mannose-modified lipid nanoparticles, have shown effective antigen presentation, strong IgG titers, and activation of CD4+ and CD8+ T-cells, suggesting a potent and promising vaccine candidate with a high safety profile.

FACT: The use of inactivated or subunit vaccines based on ASFV proteins identified as critical for inducing a protective immune response is being explored, offering an alternative to LAVs with potentially fewer side effects.


3. Discussion on the potential for adjuvant use to enhance immune response

FACT: Adjuvants can significantly enhance the immune response by facilitating effective antigen presentation and maturation of dendritic cells, which is crucial for eliciting strong humoral and cellular immune responses.

FACT: The use of mannose-modified lipid nanoparticles (LNPs) as a delivery system for mRNA vaccines has shown promise in enhancing immune responses, including the activation of CD4+ and CD8+ T-cells and the elicitation of strong IgG titers.

FACT: Self-amplifying mRNA vaccines, which can be stabilized and delivered using nanoparticle technology, require lower doses of mRNA to produce immunity, suggesting a potential for adjuvant-like effects in enhancing the immune response.


References:
1. Abrams, C. C., Goatley, L., Fishbourne, E., Chapman, D., Cooke, L., Oura, C. A., et al. (2013). Deletion of virulence associated genes from attenuated African swine fever virus isolate OUR T88/3 decreases its ability to protect against challenge with virulent virus. *Virology* 443, 99–105. doi: 10.1016/j.virol.2013.04.028

2. Argilaguet, J. M., Pérez-Martín, E., Gallardo, C., Salguero, F. J., Borrego, B., Lacasta, A., et al. (2011). Enhancing DNA immunization by targeting ASFV antigens to SLA-II bearing cells. *Vaccine* 29, 5379–5385. doi: 10.1016/j.vaccine.2011.05.084

3. Zhang, H., Zhao, S., Zhang, H., Qin, Z., Shan, H., & Cai, X. (2023). Vaccines for African swine fever: an update. *PMC*. https://www.ncbi.nlm.nih.gov/pmc/articles/PMC10173882/

4. **Arias, M., de la Torre, A., Dixon, L., Gallardo, C., Jori, F., Laddomada, A., et al.** Approaches and perspectives for development of African swine fever virus vaccines. *Vaccines* 5:35. doi: 10.3390/vaccines5040035.

5. **USDA ARS**. (2021). Research Project: Development of a Self-amplifying mRNA Vaccine for African Swine Fever and Classical Swine Fever. *USDA ARS*.

6. **Vu, H.L.X., & McVey, D.S.** (2024). Recent progress on gene-deleted live-attenuated African swine fever virus vaccines. *npj Vaccines* 9, 60.

7. **PubMed**: Advancing vaccine development: Evaluation of a mannose-modified lipid nanoparticle-based mRNA vaccine candidate against African swine fever virus.

8. **PMC - NCBI**: Vaccines for African swine fever: an update.

