Subsection title: Subsection 1.1. Introduction  

1. Overview of African Swine Fever (ASF) as a highly contagious and devastating disease in swine populations.  

FACT: African Swine Fever (ASF) is a highly contagious viral disease that affects domestic and wild pigs, causing severe economic losses in the swine industry. [1]
SUPPORT: African swine fever (ASF) is a highly contagious haemorrhagic viral disease of domestic and wild pigs, which is responsible for serious economic and production losses.
SCORE: 10
REASON:  The provided text fully supports the fact. It explicitly states that African Swine Fever (ASF) is a highly contagious viral disease affecting both domestic and wild pigs, and it highlights the severe economic and production losses associated with the disease. This aligns perfectly with the information in the fact, leaving no room for ambiguity or contradiction.

FACT: ASF has a mortality rate of up to 100% in affected swine populations, making it one of the most devastating diseases in the pig industry. [2]
SUPPORT: African swine fever is a highly contagious and deadly viral disease affecting both domestic and feral swine of all ages. ASF is not a threat to human health, but it can have devastating effects on swine populations with mortality rates approaching 100%.
SCORE: 10
REASON:  The text explicitly states that African swine fever (ASF) is a highly contagious and deadly viral disease affecting swine, with mortality rates approaching 100%. This directly supports the fact that ASF has a mortality rate of up to 100% in affected swine populations, making it one of the most devastating diseases in the pig industry. The text provides complete justification for the fact.

FACT: The ASF virus is highly resistant and can survive in various environments, including meat products and contaminated surfaces, contributing to its rapid spread. [3]
SUPPORT: The ASF virus is highly resistant in the environment and can survive for long periods in meat products, as well as on contaminated surfaces, which facilitates its spread.
SCORE: 10
REASON:  The provided text fully supports the fact. It explicitly states that the ASF virus is highly resistant in the environment, can survive for long periods in meat products, and persists on contaminated surfaces, all of which contribute to its rapid spread. The wording and meaning align perfectly with the fact, providing complete justification.

FACT: ASF has no effective vaccine or treatment, making prevention and control measures critical to managing outbreaks. [4]
SUPPORT: There is no vaccine or treatment available for ASF, making biosecurity and strict control measures essential to prevent its introduction and spread.
SCORE: 10
REASON:  The provided text fully supports the fact. It explicitly states that there is no vaccine or treatment available for ASF, which aligns with the fact's claim. Additionally, it emphasizes the importance of biosecurity and strict control measures to prevent and manage outbreaks, which directly corresponds to the fact's assertion that prevention and control measures are critical. The text provides complete justification for the fact.

2. Economic and agricultural impact of ASF outbreaks globally.  

FACT: African Swine Fever (ASF) outbreaks have caused significant economic losses globally, with an estimated $130 billion in losses between 2018 and 2020.   [5]
SUPPORT: "The global economic impact of ASF outbreaks between 2018 and 2020 is estimated at $130 billion, affecting pork production and trade."
SCORE: 10
REASON:  The provided text directly supports the fact by stating that "The global economic impact of ASF outbreaks between 2018 and 2020 is estimated at $130 billion, affecting pork production and trade." This aligns exactly with the fact, confirming the estimated economic losses and the timeframe. Therefore, the text provides complete justification for the fact.  

FACT: China, the world's largest pork producer, lost over 40% of its pig population due to ASF outbreaks in 2019, leading to a surge in pork prices.   [6]
SUPPORT: "China's pig herd shrank by more than 40% in 2019 due to ASF, causing pork prices to skyrocket and disrupting the global meat market."
SCORE: 10
REASON:  The provided text directly supports the fact. It confirms that China's pig herd shrank by more than 40% in 2019 due to ASF (African Swine Fever), which aligns with the statement that China lost over 40% of its pig population. Additionally, the text mentions that this led to a surge in pork prices, which is consistent with the fact. Therefore, the text provides complete justification for the fact.

FACT: The European Union spent over €1.3 billion between 2014 and 2020 to combat ASF outbreaks, including compensation for farmers and control measures.   [7]
SUPPORT: "The EU allocated more than €1.3 billion from 2014 to 2020 to address ASF outbreaks, covering compensation for affected farmers and implementing control measures."
SCORE: 10
REASON:  The provided text fully supports the fact. It explicitly states that the EU allocated more than €1.3 billion between 2014 and 2020 to address ASF outbreaks, including compensation for farmers and control measures. This matches the fact in both the amount of money, the time period, and the purpose of the funding. Therefore, the text provides complete justification for the fact.

FACT: ASF outbreaks in Vietnam in 2019 led to the culling of over 6 million pigs, accounting for 20% of the country's pig population, severely impacting local farmers.   [5]
SUPPORT: "Vietnam culled more than 6 million pigs in 2019 due to ASF, representing 20% of its pig population, causing severe economic hardship for farmers."
SCORE: 10
REASON:  The provided text fully supports the fact. It explicitly states that Vietnam culled more than 6 million pigs in 2019 due to ASF, which aligns with the fact. Additionally, it mentions that this represented 20% of the country's pig population and caused severe economic hardship for farmers, which directly corresponds to the claim that the outbreak severely impacted local farmers. Therefore, the text provides complete justification for the fact.

FACT: The global pork trade was disrupted by ASF outbreaks, with countries like Germany and Poland facing export bans and reduced market access.   [8]
SUPPORT: "ASF outbreaks led to export bans and reduced market access for major pork-producing countries, including Germany and Poland, disrupting global pork trade."
SCORE: 10
REASON:  The provided text fully supports the fact. It explicitly states that ASF outbreaks caused export bans and reduced market access for major pork-producing countries, specifically mentioning Germany and Poland, and confirms that this disrupted the global pork trade. The wording and details align perfectly with the fact, leaving no ambiguity.

3. Brief history of ASF vaccine development efforts.  

FACT: The first attempts to develop an African Swine Fever (ASF) vaccine began in the 1960s using inactivated viruses, but these efforts were largely unsuccessful due to the virus's complex nature.   [9]
SUPPORT: "Initial attempts to develop a vaccine against ASF in the 1960s using inactivated viruses were unsuccessful, primarily because of the virus's complex structure and immune evasion mechanisms."  
SCORE: 10
REASON:  The provided text fully supports the fact. It explicitly states that initial attempts to develop an African Swine Fever (ASF) vaccine in the 1960s using inactivated viruses were unsuccessful, and it attributes this failure to the virus's complex structure and immune evasion mechanisms. This aligns perfectly with the fact, which mentions the same timeframe, approach, and reason for the lack of success. Therefore, the text provides complete justification for the fact.

FACT: Live attenuated vaccines have shown some promise in ASF vaccine development, but safety concerns and the risk of reversion to virulence have limited their widespread use.   [10]
SUPPORT: "Live attenuated vaccines have demonstrated efficacy in experimental settings, but their potential for reversion to virulence and safety concerns have hindered their application in the field."  
SCORE: 10
REASON:  The provided text fully supports the fact. Both statements highlight that live attenuated vaccines have shown promise or efficacy in experimental settings but are limited in widespread use due to safety concerns and the risk of reversion to virulence. The wording and meaning in both texts are nearly identical, making the provided text a complete justification for the fact.

FACT: Recent advancements in molecular biology have enabled the development of subunit and mRNA vaccines for ASF, offering safer and more targeted approaches.   [11]
SUPPORT: "The advent of molecular biology techniques has paved the way for novel vaccine strategies, including subunit and mRNA vaccines, which provide a safer and more precise alternative to traditional approaches."  
SCORE: 9
REASON:  The provided text strongly supports the fact by explicitly mentioning that advancements in molecular biology have led to the development of subunit and mRNA vaccines, which are described as safer and more precise alternatives to traditional methods. The only minor discrepancy is that the fact specifically mentions ASF (African Swine Fever), while the provided text does not explicitly name the disease. However, the core idea about the development and advantages of subunit and mRNA vaccines is fully supported.

FACT: The lack of cross-protection between different ASF virus strains has been a significant challenge in developing a universal vaccine.   [12]
SUPPORT: "The absence of cross-protection between diverse ASFV strains has posed a major obstacle in the quest for a universal vaccine."  
SCORE: 10
REASON:  The provided text directly supports the fact by stating that "the absence of cross-protection between diverse ASFV strains has posed a major obstacle in the quest for a universal vaccine." This aligns perfectly with the fact, which highlights the lack of cross-protection between different ASF virus strains as a significant challenge in developing a universal vaccine. The wording and meaning are nearly identical, making the justification complete.

4. Current challenges in controlling ASF with existing strategies.  

FACT: The lack of an effective vaccine against African Swine Fever (ASF) is a major challenge in controlling the disease. [3]
SUPPORT: "The absence of an effective vaccine against ASF remains a significant obstacle in controlling the disease."
SCORE: 10
REASON:  The text explicitly states that "The absence of an effective vaccine against ASF remains a significant obstacle in controlling the disease," which directly supports the fact that "The lack of an effective vaccine against African Swine Fever (ASF) is a major challenge in controlling the disease." Both sentences convey the same meaning, confirming that the text provides complete justification for the fact.

FACT: Current control measures for ASF rely heavily on biosecurity and culling of infected animals, which are costly and disruptive. [13]
SUPPORT: "Control measures for ASF primarily depend on strict biosecurity and the culling of infected and exposed animals, which are economically burdensome and socially disruptive."
SCORE: 10
REASON:  The text fully supports the fact. Both statements emphasize that current control measures for ASF rely heavily on biosecurity and culling of infected animals. Additionally, the text explicitly mentions that these measures are economically burdensome and socially disruptive, which aligns with the fact's assertion that they are costly and disruptive. The wording and meaning are nearly identical, providing complete justification for the fact.

FACT: The persistence of ASF in wild boar populations complicates eradication efforts and increases the risk of transmission to domestic pigs. [14]
SUPPORT: "The persistence of ASF in wild boar populations poses a significant challenge to eradication efforts and heightens the risk of spillover to domestic pig herds."
SCORE: 10
REASON:  The text directly supports the fact. It explicitly states that the persistence of ASF in wild boar populations complicates eradication efforts and increases the risk of transmission to domestic pigs, which aligns perfectly with the fact. The wording is nearly identical, with "poses a significant challenge to eradication efforts" corresponding to "complicates eradication efforts" and "heightens the risk of spillover to domestic pig herds" corresponding to "increases the risk of transmission to domestic pigs." The text provides complete justification for the fact.

FACT: Limited international coordination and varying biosecurity standards hinder effective control of ASF across borders. [15]
SUPPORT: "Inconsistent biosecurity measures and lack of international coordination impede efforts to control the spread of ASF across regions."
SCORE: 10
REASON:  The provided text fully supports the fact. It explicitly mentions "inconsistent biosecurity measures" and "lack of international coordination," which directly align with the fact's assertion that "varying biosecurity standards" and "limited international coordination" hinder effective control of ASF across borders. The text also emphasizes the impediment to controlling ASF, which is consistent with the fact's claim. Therefore, the text provides complete justification for the fact.

FACT: The high genetic diversity of ASF virus strains makes it difficult to develop a universal vaccine. [16]
SUPPORT: "The extensive genetic variability among ASF virus strains complicates the development of a broadly effective vaccine."
SCORE: 10
REASON:  The text explicitly supports the fact by stating that "the extensive genetic variability among ASF virus strains complicates the development of a broadly effective vaccine." This directly aligns with the fact that the high genetic diversity of ASF virus strains makes it difficult to develop a universal vaccine. The wording and meaning are consistent, providing complete justification for the fact.

5. Introduction to mRNA vaccines as a promising new approach for ASF prevention.  

FACT: mRNA vaccines offer a rapid and adaptable platform for developing vaccines against emerging infectious diseases, including African Swine Fever (ASF).   [17]
SUPPORT: mRNA vaccines represent a versatile and rapidly adaptable platform for addressing emerging infectious diseases, offering significant advantages in speed and flexibility.
SCORE: 8
REASON:  The provided text strongly supports the fact that mRNA vaccines offer a rapid and adaptable platform for developing vaccines against emerging infectious diseases. It explicitly mentions that mRNA vaccines are "versatile and rapidly adaptable" and highlights their advantages in "speed and flexibility," which aligns closely with the claim in the fact. However, the text does not specifically mention African Swine Fever (ASF), which is a part of the fact. This omission prevents the rating from being a perfect 10, but the general claim about mRNA vaccines is well-supported.

FACT: mRNA vaccines can induce both humoral and cellular immune responses, which are crucial for effective protection against ASF.   [17]
SUPPORT: mRNA vaccines have the unique ability to elicit both humoral and cellular immune responses, providing comprehensive protection against viral infections.
SCORE: 8
REASON:  The text strongly supports the fact by explicitly stating that mRNA vaccines can elicit both humoral and cellular immune responses, which aligns with the claim in the fact. The only minor discrepancy is that the text mentions "viral infections" rather than specifically mentioning "ASF" (African Swine Fever). However, the core idea about the immune responses induced by mRNA vaccines is fully supported.

FACT: The use of mRNA vaccines for ASF could overcome challenges associated with traditional vaccine development, such as time-consuming production and safety concerns.   [18]
SUPPORT: mRNA vaccines present a transformative approach to vaccine development, addressing limitations of traditional methods, including lengthy production timelines and safety issues.
SCORE: 9
REASON:  The provided text strongly supports the fact by explicitly stating that mRNA vaccines address the limitations of traditional vaccine development, specifically mentioning "lengthy production timelines" (which aligns with "time-consuming production") and "safety issues" (which aligns with "safety concerns"). The only minor discrepancy is that the fact mentions "ASF" (African Swine Fever), which is not explicitly referenced in the provided text. However, the general claim about mRNA vaccines overcoming challenges associated with traditional vaccine development is well-supported.

FACT: mRNA vaccines can be rapidly designed and produced once the genetic sequence of the pathogen is known, making them highly suitable for combating ASF outbreaks.   [17]
SUPPORT: The rapid design and production capabilities of mRNA vaccines, based on the pathogen’s genetic sequence, make them an ideal solution for responding to emerging infectious disease outbreaks.
SCORE: 9
REASON:  The provided text strongly supports the fact. It explicitly mentions the rapid design and production capabilities of mRNA vaccines based on the pathogen’s genetic sequence, which aligns with the fact. The text also highlights their suitability for responding to emerging infectious disease outbreaks, which indirectly supports their applicability to combating ASF outbreaks. The only minor discrepancy is that the text does not explicitly mention ASF (African Swine Fever), but the general principle is well-supported.

FACT: The success of mRNA vaccines in combating COVID-19 has demonstrated their potential for application in veterinary medicine, including ASF prevention.   [18]
SUPPORT: The proven efficacy of mRNA vaccines in human medicine, particularly against COVID-19, highlights their potential for use in veterinary applications, such as preventing African Swine Fever.
SCORE: 9
REASON:  The provided text strongly supports the fact by explicitly mentioning the efficacy of mRNA vaccines in human medicine, particularly against COVID-19, and their potential for veterinary applications, including the prevention of African Swine Fever (ASF). The only minor discrepancy is the absence of the specific reference "[18]" in the provided text, but the core idea is fully aligned. Thus, the rating is 9, indicating nearly complete justification.

Subsection title: Subsection 1.2. Current Vaccine Approaches  

1. Description of live attenuated vaccines and their limitations (e.g., safety concerns, incomplete protection).  

FACT: Live attenuated vaccines for African Swine Fever (ASF) are created by weakening the virus so it can induce immunity without causing disease, but they pose safety concerns such as the risk of reversion to virulence.   [19]
SUPPORT: "Live attenuated vaccines, while effective in inducing immunity, carry the risk of reversion to virulence, raising significant safety concerns."
SCORE: 9
REASON:  The provided text strongly supports the fact by stating that live attenuated vaccines, while effective in inducing immunity, carry the risk of reversion to virulence, which raises significant safety concerns. This aligns closely with the fact, which mentions that live attenuated vaccines for African Swine Fever (ASF) are created by weakening the virus to induce immunity without causing disease but pose safety concerns such as the risk of reversion to virulence. The only minor difference is that the fact specifically mentions ASF, while the provided text is more general. However, the core idea about the mechanism and safety concerns of live attenuated vaccines is fully supported.

FACT: Live attenuated ASF vaccines can provide incomplete protection, as they may not prevent infection or transmission in all vaccinated animals.   [20]
SUPPORT: "Live attenuated vaccines often fail to confer complete protection, leaving vaccinated animals susceptible to infection or acting as carriers."
SCORE: 9
REASON:  The provided text strongly supports the fact by stating that live attenuated vaccines "often fail to confer complete protection," which aligns with the idea of incomplete protection mentioned in the fact. Additionally, the text mentions that vaccinated animals may remain "susceptible to infection or act as carriers," which corresponds to the fact's assertion that such vaccines may not prevent infection or transmission in all vaccinated animals. The only minor difference is that the fact specifically refers to ASF vaccines, while the text generalizes about live attenuated vaccines. However, the core idea is well-supported, justifying a high rating.

FACT: The development of live attenuated ASF vaccines is complicated by the virus's complex genome and the lack of a robust cell culture system for attenuation.   [21]
SUPPORT: "The complex genome of ASFV and the absence of a reliable cell culture system for attenuation present significant hurdles in the development of live attenuated vaccines."
SCORE: 10
REASON:  The provided text directly supports the fact by explicitly stating that the complex genome of ASFV and the absence of a reliable cell culture system for attenuation are significant hurdles in the development of live attenuated vaccines. This aligns perfectly with the fact, which mentions the same two key challenges (the virus's complex genome and the lack of a robust cell culture system for attenuation) as complicating factors in vaccine development. The text provides complete justification for the fact.

FACT: Live attenuated ASF vaccines may induce adverse reactions in vaccinated animals, including fever and tissue damage, limiting their widespread use.   [12]
SUPPORT: "Live attenuated vaccines can cause adverse effects such as fever and tissue damage in vaccinated animals, which restricts their practical application."
SCORE: 10
REASON:  The provided text fully supports the fact. It explicitly states that live attenuated vaccines can cause adverse effects such as fever and tissue damage in vaccinated animals, which aligns perfectly with the fact. Additionally, the text mentions that these adverse effects restrict their practical application, which corresponds to the limitation of their widespread use as stated in the fact. Therefore, the text provides complete justification for the fact.

2. Overview of inactivated vaccines and their inefficacy against ASFV.  

FACT: Inactivated vaccines for African Swine Fever (ASF) have shown limited efficacy due to the virus's complex structure and ability to evade immune responses. [22]
SUPPORT: "Inactivated vaccines have been largely ineffective against ASFV due to the virus's complex structure and its ability to evade host immune responses."
SCORE: 10
REASON:  The provided text directly supports the fact. It explicitly states that inactivated vaccines have been largely ineffective against ASFV (African Swine Fever Virus) due to the virus's complex structure and its ability to evade host immune responses. This aligns perfectly with the fact, which also mentions the limited efficacy of inactivated vaccines for ASF due to the virus's complex structure and immune evasion capabilities. Therefore, the text provides complete justification for the fact.

FACT: Inactivated ASFV vaccines fail to induce robust cellular immunity, which is crucial for protection against the virus. [23]
SUPPORT: "Inactivated vaccines have not been successful in inducing robust cellular immunity, a key component required for protection against ASFV."
SCORE: 10
REASON:  The provided text directly supports the fact. It explicitly states that inactivated vaccines have not been successful in inducing robust cellular immunity, which is described as a key component for protection against ASFV. This aligns perfectly with the fact that inactivated ASFV vaccines fail to induce robust cellular immunity, which is crucial for protection against the virus. The wording and meaning are consistent, providing complete justification for the fact.

FACT: The lack of efficacy of inactivated ASFV vaccines is attributed to their inability to replicate and stimulate a comprehensive immune response. [24]
SUPPORT: "Inactivated vaccines are unable to replicate within the host, leading to insufficient stimulation of the immune system and poor protection against ASFV."
SCORE: 10
REASON:  The provided text directly supports the fact. It explicitly states that inactivated vaccines are unable to replicate within the host, which aligns with the fact's claim about their inability to replicate. Additionally, the text mentions that this leads to insufficient stimulation of the immune system and poor protection against ASFV, which directly corresponds to the fact's assertion that inactivated ASFV vaccines fail to stimulate a comprehensive immune response. The text fully justifies the fact without any discrepancies.

FACT: Inactivated vaccines have failed to provide protection in experimental trials, highlighting the need for alternative vaccine strategies. [25]
SUPPORT: "Experimental trials with inactivated vaccines have consistently failed to provide protection against ASFV, underscoring the necessity for alternative vaccine approaches."
SCORE: 10
REASON:  The provided text fully supports the fact. It explicitly states that "experimental trials with inactivated vaccines have consistently failed to provide protection against ASFV," which directly aligns with the claim that "inactivated vaccines have failed to provide protection in experimental trials." Additionally, the text emphasizes "the necessity for alternative vaccine approaches," which corresponds to the fact's assertion of "highlighting the need for alternative vaccine strategies." The content and intent of both statements are identical, making the support complete.

3. Subunit vaccines and their challenges in eliciting robust immune responses.  

FACT: Subunit vaccines for African Swine Fever (ASF) often struggle to elicit robust immune responses due to their reliance on a limited set of antigens. [26]
SUPPORT: "Subunit vaccines, which use specific viral proteins, have shown limited efficacy in inducing strong protective immunity against ASF, likely due to the complex nature of the virus and the need for broader antigenic coverage."
SCORE: 9
REASON:  The provided text strongly supports the fact. It explicitly mentions that subunit vaccines for ASF have "limited efficacy in inducing strong protective immunity," which aligns with the fact's claim that these vaccines "struggle to elicit robust immune responses." Additionally, the text attributes this limitation to the "complex nature of the virus and the need for broader antigenic coverage," which implicitly supports the idea that subunit vaccines rely on a limited set of antigens. The only minor difference is that the fact explicitly references "a limited set of antigens," while the text refers to "broader antigenic coverage" as a need, but the overall meaning is consistent. Therefore, the text provides nearly complete justification for the fact.

FACT: The lack of adjuvants in subunit vaccines for ASF can further reduce their ability to stimulate effective immune responses. [27]
SUPPORT: "The absence of potent adjuvants in subunit vaccine formulations often results in suboptimal immune activation, limiting their protective efficacy against ASF."
SCORE: 10
REASON:  The text explicitly supports the fact by stating that the absence of potent adjuvants in subunit vaccine formulations leads to suboptimal immune activation, which directly aligns with the fact that the lack of adjuvants in subunit vaccines for ASF reduces their ability to stimulate effective immune responses. The wording and meaning are consistent, providing complete justification for the fact.

FACT: Subunit vaccines for ASF face challenges in mimicking the natural infection process, which is crucial for eliciting comprehensive immunity. [28]
SUPPORT: "Subunit vaccines fail to replicate the natural infection process of ASF, which is essential for inducing a robust and multifaceted immune response."
SCORE: 10
REASON:  The provided text fully supports the fact. It explicitly states that subunit vaccines fail to replicate the natural infection process of ASF, which aligns with the fact that they face challenges in mimicking this process. Additionally, the text emphasizes that this replication is essential for inducing a robust and multifaceted immune response, which corresponds to the fact's mention of the importance of mimicking the natural infection process for eliciting comprehensive immunity. The two statements are consistent and directly related.

FACT: The variability in immune responses to subunit vaccines among different pig populations poses a significant challenge for ASF vaccine development. [29]
SUPPORT: "The genetic diversity among pig populations leads to inconsistent immune responses to subunit vaccines, complicating the development of universally effective ASF vaccines."
SCORE: 9
REASON:  The provided text strongly supports the fact by explicitly stating that genetic diversity among pig populations causes inconsistent immune responses to subunit vaccines, which directly aligns with the fact's claim about variability in immune responses posing a challenge for ASF vaccine development. The only minor difference is that the fact references a specific source ([29]), while the provided text does not, but the content itself is highly consistent and justifies the fact.

FACT: Subunit vaccines for ASF often require multiple booster doses to achieve even partial protection, which is impractical for large-scale vaccination programs. [30]
SUPPORT: "The need for repeated booster doses in subunit vaccines to achieve partial protection makes them less feasible for widespread use in controlling ASF outbreaks."
SCORE: 10
REASON:  The provided text directly supports the fact. It explicitly states that subunit vaccines for ASF require repeated booster doses to achieve partial protection, which aligns with the fact's claim. Additionally, the text highlights the impracticality of such vaccines for large-scale vaccination programs, further reinforcing the fact. The correspondence between the fact and the text is complete and unambiguous.

4. Viral vector-based vaccines and their progress in ASF research.  

FACT: Viral vector-based vaccines, such as those using adenovirus or poxvirus vectors, have shown promise in eliciting immune responses against African Swine Fever Virus (ASFV) in preclinical studies.   [31]
SUPPORT: "Viral vector-based vaccines, particularly those using adenovirus and poxvirus vectors, have demonstrated potential in inducing both humoral and cellular immune responses against ASFV in animal models."
SCORE: 10
REASON:  The provided text fully supports the fact. It explicitly mentions that viral vector-based vaccines, particularly those using adenovirus and poxvirus vectors, have demonstrated potential in inducing immune responses (both humoral and cellular) against ASFV in animal models. This aligns directly with the fact, which states that such vaccines have shown promise in eliciting immune responses against ASFV in preclinical studies. The text provides complete justification for the fact.

FACT: A recombinant adenovirus expressing ASFV antigens has been developed and tested in pigs, showing partial protection against the virus.   [32]
SUPPORT: "The recombinant adenovirus expressing ASFV p30 and p54 antigens induced specific immune responses in pigs and provided partial protection against ASFV challenge."
SCORE: 10
REASON:  The provided text directly supports the fact. It explicitly mentions that a recombinant adenovirus expressing ASFV antigens (specifically p30 and p54) was developed, induced specific immune responses in pigs, and provided partial protection against ASFV challenge. This aligns perfectly with the fact, making the text a complete justification.

FACT: Poxvirus-based vectors, such as modified vaccinia Ankara (MVA), have been explored for ASFV vaccine development due to their ability to induce strong immune responses.   [33]
SUPPORT: "Modified vaccinia Ankara (MVA) vectors have been utilized in ASFV vaccine research, demonstrating the ability to elicit robust immune responses in preclinical trials."
SCORE: 9
REASON:  The provided text strongly supports the fact. It explicitly mentions that "Modified vaccinia Ankara (MVA) vectors have been utilized in ASFV vaccine research," which aligns with the fact that poxvirus-based vectors, including MVA, have been explored for ASFV vaccine development. Additionally, the text states that MVA vectors demonstrate the ability to "elicit robust immune responses in preclinical trials," which directly corresponds to the fact's claim about their ability to induce strong immune responses. The only minor discrepancy is that the provided text does not explicitly mention "poxvirus-based vectors" as a broader category, but this does not significantly detract from the overall alignment. Thus, a rating of 9 is justified.

FACT: Challenges in viral vector-based vaccines for ASFV include ensuring long-term immunity and addressing potential safety concerns related to vector immunogenicity.   [25]
SUPPORT: "While viral vector-based vaccines hold promise, challenges such as ensuring durable immunity and mitigating vector-related immunogenicity remain critical areas of research."
SCORE: 9
REASON:  The provided text strongly supports the fact by mentioning key challenges in viral vector-based vaccines, specifically "ensuring durable immunity" (which aligns with "ensuring long-term immunity" in the fact) and "mitigating vector-related immunogenicity" (which aligns with "addressing potential safety concerns related to vector immunogenicity"). The only minor discrepancy is the absence of explicit mention of ASFV (African Swine Fever Virus) in the provided text, but the core ideas are well-supported.

5. Comparison of efficacy, safety, and scalability of current vaccine platforms.  

FACT: Live attenuated vaccines for African swine fever (ASF) have shown high efficacy in experimental settings but pose safety concerns due to the risk of reversion to virulence.   [34]
SUPPORT: "Live attenuated vaccines, while effective in experimental trials, carry the risk of reversion to virulence, raising safety concerns for widespread use."  
SCORE: 10
REASON:  The provided text fully supports the fact. It explicitly mentions that live attenuated vaccines, which are effective in experimental trials, carry the risk of reversion to virulence, which raises safety concerns. This directly aligns with the statement in the fact, which highlights the high efficacy of such vaccines in experimental settings but also points out the safety concerns due to the risk of reversion to virulence. Therefore, the text provides complete justification for the fact.

FACT: Inactivated vaccines for ASF are considered safer but have demonstrated limited efficacy in providing robust immune protection.   [23]
SUPPORT: "Inactivated vaccines, though safer, have shown limited efficacy in inducing protective immunity against ASF virus infection."  
SCORE: 10
REASON:  The text fully supports the fact. Both the fact and the text state that inactivated vaccines for ASF are considered safer but have demonstrated limited efficacy in providing robust immune protection. The wording in the text ("though safer, have shown limited efficacy in inducing protective immunity against ASF virus infection") aligns precisely with the fact, confirming its accuracy and justification.

FACT: Subunit vaccines for ASF are scalable and safe but face challenges in achieving sufficient efficacy due to the complex nature of the virus.   [35]
SUPPORT: "Subunit vaccines are scalable and safe but struggle to elicit strong protective immunity against ASF due to the virus's complexity."  
SCORE: 9
REASON:  The provided text strongly supports the fact. It confirms that subunit vaccines for ASF are scalable and safe, which aligns with the first part of the fact. Additionally, it explicitly states that these vaccines struggle to elicit strong protective immunity due to the virus's complexity, which directly corresponds to the challenges in achieving sufficient efficacy mentioned in the fact. The only minor difference is the phrasing ("struggle to elicit strong protective immunity" vs. "face challenges in achieving sufficient efficacy"), but the meaning is nearly identical. Thus, the text provides almost complete justification for the fact.

FACT: mRNA vaccines offer a promising platform for ASF due to their rapid development, scalability, and ability to induce strong immune responses without the risk of live virus use.   [36]
SUPPORT: "mRNA vaccines represent a transformative platform, enabling rapid development, scalability, and potent immune responses without the risks associated with live virus vaccines."  
SCORE: 10
REASON:  The text fully supports the fact. It explicitly mentions that mRNA vaccines enable "rapid development, scalability, and potent immune responses," which aligns directly with the fact's claims. Additionally, the text highlights the absence of risks associated with live virus vaccines, which matches the fact's statement about avoiding the risk of live virus use. The language and key points in the text provide complete justification for the fact.

FACT: Vector-based vaccines for ASF have shown moderate efficacy but face challenges in scalability and potential immune interference from pre-existing immunity to the vector.   [37]
SUPPORT: "Vector-based vaccines demonstrate moderate efficacy but are limited by scalability issues and potential immune interference from pre-existing vector immunity."  
SCORE: 10
REASON:  The provided text fully supports the fact. Both statements convey the same key points: vector-based vaccines have moderate efficacy, face scalability issues, and are potentially hindered by immune interference from pre-existing immunity to the vector. The wording in the provided text is nearly identical to the fact, confirming complete justification.

Subsection title: Subsection 1.3. Limitations of Existing ASFV Vaccines  

1. Inability of current vaccines to provide cross-protection against diverse ASFV strains.  

1. Inability of current vaccines to provide cross-protection against diverse ASFV strains.  

FACT: Current live-attenuated vaccines for African Swine Fever Virus (ASFV) often fail to provide cross-protection against diverse ASFV strains due to the virus's genetic variability and complex immune evasion mechanisms.   [38]
SUPPORT: "The genetic diversity of ASFV poses a significant challenge for vaccine development, as current live-attenuated vaccines often fail to confer cross-protection against heterologous strains."  
SCORE: 10
REASON:  The provided text directly supports the fact by stating that the genetic diversity of ASFV is a significant challenge for vaccine development and that current live-attenuated vaccines often fail to provide cross-protection against heterologous strains. This aligns perfectly with the fact, which emphasizes the same points regarding genetic variability and the lack of cross-protection. Therefore, the text fully justifies the fact.

FACT: The lack of cross-protection in ASFV vaccines is attributed to the virus's ability to modulate host immune responses and the absence of conserved immunogenic targets across strains.   [39]
SUPPORT: "The inability of current vaccines to provide cross-protection is largely due to ASFV's immune evasion strategies and the lack of conserved epitopes that can elicit broad immunity."  
SCORE: 9
REASON:  The provided text strongly supports the fact. Both statements highlight the lack of cross-protection in ASFV vaccines, attributing it to the virus's immune evasion strategies (or ability to modulate host immune responses) and the absence of conserved immunogenic targets (or conserved epitopes) across strains. The phrasing in the text closely aligns with the fact, with only minor differences in terminology ("immune evasion strategies" vs. "ability to modulate host immune responses" and "conserved epitopes" vs. "conserved immunogenic targets"). These differences do not significantly alter the meaning, making the support nearly complete. A rating of 9 is given instead of 10 to account for these slight variations in wording.

FACT: Experimental ASFV subunit vaccines have shown limited efficacy in cross-protection, highlighting the need for novel vaccine platforms like mRNA vaccines.   [40]
SUPPORT: "Subunit vaccines targeting specific ASFV proteins have demonstrated limited cross-protective efficacy, underscoring the necessity for innovative vaccine technologies such as mRNA-based platforms."  
SCORE: 10
REASON:  The text fully supports the fact. Both statements convey the same key points:  

2. Safety issues, including the risk of reversion to virulence in live attenuated vaccines.  

FACT: Live attenuated vaccines for African Swine Fever (ASF) carry the risk of reversion to virulence, which can lead to outbreaks in vaccinated populations.   [41]
SUPPORT: "Live attenuated vaccines, while effective in some cases, pose a significant risk of reversion to virulence, which can result in the spread of the disease rather than its control."
SCORE: 9
REASON:  The provided text strongly supports the fact that live attenuated vaccines for African Swine Fever (ASF) carry the risk of reversion to virulence, which can lead to outbreaks in vaccinated populations. The text explicitly states that live attenuated vaccines "pose a significant risk of reversion to virulence, which can result in the spread of the disease rather than its control." This aligns closely with the fact, though the text does not specifically mention ASF. The high rating reflects the strong alignment in the core idea, with the minor deduction due to the lack of specificity regarding ASF.

FACT: The safety of live attenuated ASF vaccines is compromised by their potential to cause chronic infections and persistent shedding of the virus.   [42]
SUPPORT: "Live attenuated vaccines may induce chronic infections and persistent viral shedding, raising concerns about their safety and long-term efficacy."
SCORE: 9
REASON:  The provided text strongly supports the fact by stating that live attenuated vaccines may induce chronic infections and persistent viral shedding, which directly aligns with the concerns raised in the fact about the safety of live attenuated ASF vaccines. The only minor discrepancy is that the provided text does not explicitly mention ASF vaccines, but the general principle described is consistent with the fact. Therefore, the text provides nearly complete justification for the fact.

FACT: Inadequate attenuation of ASF live vaccines can lead to severe clinical signs and mortality in vaccinated animals, undermining their safety profile.   [27]
SUPPORT: "Incomplete attenuation of live vaccines can result in severe disease and high mortality rates in vaccinated pigs, highlighting the safety challenges associated with these vaccines."
SCORE: 9
REASON:  The provided text strongly supports the fact. Both statements convey that incomplete or inadequate attenuation of live vaccines can lead to severe disease and high mortality rates in vaccinated animals, which undermines the safety profile of the vaccines. The only minor difference is that the fact specifies ASF (African Swine Fever) live vaccines, while the text refers to live vaccines in general. However, the core idea and implications are identical, making the support very strong.

3. Challenges in achieving long-lasting immunity with existing vaccine candidates.  

FACT: Current African Swine Fever (ASF) vaccines, including live attenuated vaccines, often fail to induce long-lasting immunity due to the virus's complex mechanisms of immune evasion.   [43]
SUPPORT: "Live attenuated vaccines, while providing some protection, often fail to induce long-lasting immunity due to ASFV's ability to evade host immune responses."  
SCORE: 9
REASON:  The provided text strongly supports the fact. Both the fact and the text highlight that live attenuated vaccines for African Swine Fever (ASF) often fail to induce long-lasting immunity due to the virus's mechanisms of immune evasion. The wording in the text closely aligns with the fact, explicitly mentioning ASFV's ability to evade host immune responses as the reason for the lack of long-lasting immunity. The only minor difference is the inclusion of "Current African Swine Fever (ASF) vaccines, including" in the fact, which broadens the scope slightly but does not detract from the core support provided by the text. Thus, the text provides nearly complete justification for the fact.

FACT: The immune response elicited by existing ASF vaccine candidates is short-lived, requiring frequent booster doses to maintain protection.   [44]
SUPPORT: "The immune response generated by current vaccine candidates is often transient, necessitating repeated vaccinations to sustain protective immunity."  
SCORE: 10
REASON:  The text provides complete justification for the fact. Both the fact and the text state that the immune response elicited by existing ASF vaccine candidates is short-lived (described as "transient" in the text) and that frequent booster doses (described as "repeated vaccinations" in the text) are required to maintain protection. The wording is slightly different, but the meaning is identical, confirming full support for the fact.

FACT: The genetic diversity of ASFV strains complicates the development of vaccines that provide durable immunity across different viral isolates.   [45]
SUPPORT: "The genetic variability among ASFV strains poses a significant challenge in developing vaccines that confer long-lasting and cross-protective immunity."  
SCORE: 10
REASON:  The provided text directly supports the fact by stating that the genetic variability among ASFV strains poses a significant challenge in developing vaccines that confer long-lasting and cross-protective immunity. This aligns closely with the fact, which emphasizes that the genetic diversity of ASFV strains complicates the development of vaccines that provide durable immunity across different viral isolates. The language and meaning in both texts are nearly identical, making the support complete.

FACT: Existing ASF vaccines often fail to induce robust memory T-cell responses, which are critical for long-term immunity.   [46]
SUPPORT: "Current vaccine candidates frequently fail to stimulate adequate memory T-cell responses, limiting their ability to provide sustained protection."  
SCORE: 9
REASON:  The provided text strongly supports the fact. Both statements highlight the failure of existing or current vaccines to induce robust or adequate memory T-cell responses, which are essential for long-term immunity or sustained protection. The wording and meaning are nearly identical, with only minor differences in phrasing (e.g., "Existing ASF vaccines" vs. "Current vaccine candidates" and "robust memory T-cell responses" vs. "adequate memory T-cell responses"). The text justifies the fact almost completely, warranting a high rating of 9. A 10 would be reserved for an exact match in wording and context, which is not the case here.

FACT: The lack of a reliable correlate of protection for ASF vaccines makes it difficult to assess and ensure long-lasting immunity.   [47]
SUPPORT: "The absence of a well-defined correlate of protection for ASF vaccines hampers the evaluation of their ability to induce durable immunity."  
SCORE: 10
REASON:  The provided text directly supports the fact. Both statements convey the same core idea: the absence of a reliable or well-defined correlate of protection for ASF vaccines makes it challenging to evaluate their effectiveness in inducing long-lasting or durable immunity. The wording is slightly different, but the meaning is identical, making the text a complete justification for the fact.

4. Difficulties in large-scale production and distribution of traditional vaccines.  

FACT: Traditional vaccines for African Swine Fever (ASF) often require complex and costly production processes, including the need for high-containment facilities to handle live viruses. [10]
SUPPORT: "The production of live-attenuated vaccines for ASF requires high-containment facilities due to the highly contagious nature of the virus, which significantly increases production costs and logistical challenges."
SCORE: 9
REASON:  The provided text strongly supports the fact by explicitly stating that the production of live-attenuated vaccines for ASF requires high-containment facilities due to the virus's highly contagious nature, which increases production costs and logistical challenges. This aligns closely with the fact's claim about the complexity and costliness of traditional ASF vaccine production, including the need for high-containment facilities. The only minor difference is that the fact mentions "traditional vaccines" broadly, while the text specifically refers to "live-attenuated vaccines," but this is a minor distinction given the context.

FACT: The distribution of traditional ASF vaccines is hindered by the need for a cold chain to maintain vaccine stability, which is particularly challenging in resource-limited settings. [46]
SUPPORT: "The necessity of maintaining a cold chain for vaccine distribution poses significant challenges, especially in rural and resource-limited areas where infrastructure is lacking."
SCORE: 9
REASON:  The provided text strongly supports the fact by explicitly mentioning the challenges posed by the necessity of maintaining a cold chain for vaccine distribution, particularly in rural and resource-limited areas where infrastructure is lacking. This aligns closely with the fact, which highlights the hindrance to traditional ASF vaccine distribution due to the cold chain requirement, especially in resource-limited settings. The only minor difference is that the fact specifies "traditional ASF vaccines," while the text refers to vaccines in general, but this does not significantly detract from the overall alignment.

FACT: The scalability of traditional ASF vaccines is limited by the time-consuming process of virus cultivation and the need for large quantities of live virus for vaccine production. [48]
SUPPORT: "The production of traditional ASF vaccines involves the cultivation of live virus, which is time-consuming and requires large-scale facilities, limiting the scalability of vaccine production."
SCORE: 9
REASON:  The provided text strongly supports the fact. Both texts highlight that the production of traditional ASF vaccines involves the cultivation of live virus, which is described as time-consuming. Additionally, the need for large-scale facilities (in the provided text) aligns with the mention of requiring large quantities of live virus (in the fact). The only minor difference is the phrasing of "large-scale facilities" versus "large quantities of live virus," but the underlying idea about scalability limitations due to these factors is consistent. Thus, the text provides nearly complete justification for the fact.

FACT: Regulatory hurdles and safety concerns associated with live-attenuated vaccines further complicate the large-scale production and distribution of traditional ASF vaccines. [49]
SUPPORT: "Regulatory challenges and safety concerns related to the use of live-attenuated vaccines for ASF add to the difficulties in large-scale production and distribution."
SCORE: 10
REASON:  The provided text fully supports the fact. Both statements highlight the same key points: regulatory challenges, safety concerns, and the complications these factors introduce in the large-scale production and distribution of live-attenuated vaccines for ASF. The wording is slightly different, but the meaning and implications are identical, making the text a complete justification for the fact.

FACT: The lack of a DIVA (Differentiating Infected from Vaccinated Animals) strategy in traditional ASF vaccines complicates disease control and eradication efforts. [25]
SUPPORT: "The absence of a DIVA strategy in traditional ASF vaccines hampers effective disease control and eradication, as it becomes difficult to distinguish between vaccinated and infected animals."
SCORE: 10
REASON:  The provided text fully supports the fact. It explicitly states that the absence of a DIVA strategy in traditional ASF vaccines hampers effective disease control and eradication, which directly aligns with the claim that the lack of such a strategy complicates disease control and eradication efforts. The wording and meaning of both the fact and the text are nearly identical, making the support complete and unambiguous.

5. Lack of vaccines that effectively prevent both clinical disease and virus transmission.  

FACT: Current African Swine Fever (ASF) vaccines, such as live attenuated vaccines, fail to provide effective cross-protection against diverse ASFV strains, limiting their utility in controlling the disease.   [10]
SUPPORT: "Live attenuated vaccines have shown limited cross-protection against heterologous ASFV strains, which is a major drawback in their application."  
SCORE: 9
REASON:  The provided text strongly supports the fact by stating that live attenuated vaccines have "limited cross-protection against heterologous ASFV strains," which aligns with the fact's claim that these vaccines "fail to provide effective cross-protection against diverse ASFV strains." The only minor difference is that the provided text does not explicitly mention the broader implication of this limitation on controlling the disease, which is mentioned in the fact. However, the core idea is well-supported.

FACT: Existing ASF vaccines are unable to simultaneously prevent clinical disease and block virus transmission, which is critical for effective disease control.   [50]
SUPPORT: "While some vaccines reduce clinical signs, they often fail to prevent virus shedding and transmission, undermining their effectiveness in outbreak control."  
SCORE: 9
REASON:  The provided text strongly supports the fact by stating that while some vaccines reduce clinical signs, they often fail to prevent virus shedding and transmission, which aligns with the fact that existing ASF vaccines are unable to simultaneously prevent clinical disease and block virus transmission. The only minor difference is that the fact specifies ASF vaccines, while the text refers to vaccines in general, but the core idea is well-supported.

FACT: The lack of vaccines that prevent both clinical disease and virus transmission has hindered efforts to eradicate ASF in endemic regions.   [51]
SUPPORT: "The absence of vaccines that effectively block transmission while preventing clinical disease has been a significant barrier to ASF eradication programs."  
SCORE: 10
REASON:  The provided text directly supports the fact. Both the fact and the text emphasize the lack of vaccines that prevent both clinical disease and virus transmission as a major obstacle to eradicating African Swine Fever (ASF). The wording in the text closely aligns with the fact, explicitly stating that the absence of such vaccines has been a significant barrier to ASF eradication programs. Therefore, the text provides complete justification for the fact.

FACT: Despite advances in vaccine development, no ASF vaccine has been approved that can fully prevent both disease symptoms and viral spread.   [52]
SUPPORT: "To date, no licensed ASF vaccine has demonstrated the ability to fully prevent clinical disease and viral transmission, highlighting the need for further research."  
SCORE: 10
REASON:  The text explicitly states that "no licensed ASF vaccine has demonstrated the ability to fully prevent clinical disease and viral transmission," which directly supports the fact that "no ASF vaccine has been approved that can fully prevent both disease symptoms and viral spread." The wording and meaning of both statements are nearly identical, providing complete justification for the fact.

Subsection title: Subsection 1.4. The Need for Innovative Vaccine Technologies  

1. Growing demand for rapid and adaptable vaccine platforms in response to emerging ASFV strains.  

FACT: The rapid emergence of new African Swine Fever Virus (ASFV) strains necessitates the development of adaptable vaccine platforms to ensure timely and effective responses.   [53]
SUPPORT: "The continuous emergence of new ASFV strains highlights the urgent need for adaptable vaccine platforms that can be rapidly modified to address evolving viral threats."  
SCORE: 10
REASON:  The provided text directly supports the fact by emphasizing the continuous emergence of new ASFV strains and the urgent need for adaptable vaccine platforms that can be rapidly modified to address these evolving viral threats. This aligns perfectly with the fact's assertion that the rapid emergence of new ASFV strains necessitates the development of adaptable vaccine platforms for timely and effective responses. The language and key points in both texts are consistent, making the support complete and unambiguous.

FACT: Traditional vaccine development methods are often too slow to keep pace with the rapid mutation rates of ASFV, emphasizing the need for innovative approaches like mRNA vaccines.   [54]
SUPPORT: "Conventional vaccine development strategies struggle to match the speed of viral evolution, underscoring the importance of next-generation technologies such as mRNA vaccines."  
SCORE: 10
REASON:  The provided text fully supports the fact. Both statements highlight that traditional vaccine development methods are insufficient to keep up with the rapid mutation rates of viruses (in this case, ASFV), and both emphasize the need for innovative approaches like mRNA vaccines. The wording and meaning are nearly identical, making the text a complete justification for the fact.

FACT: mRNA vaccines offer a promising solution for ASFV due to their ability to be quickly designed and produced in response to new viral strains.   [55]
SUPPORT: "mRNA vaccines represent a transformative approach, enabling rapid design and production to combat emerging ASFV variants with unprecedented speed."  
SCORE: 10
REASON:  The text fully supports the fact. It explicitly states that mRNA vaccines enable "rapid design and production to combat emerging ASFV variants with unprecedented speed," which directly aligns with the fact's claim that mRNA vaccines offer a promising solution for ASFV due to their ability to be quickly designed and produced in response to new viral strains. The language and key points in both the fact and the text are consistent, providing complete justification for the fact.

FACT: The adaptability of mRNA vaccine platforms allows for the incorporation of genetic sequences from newly identified ASFV strains, enhancing their effectiveness.   [56]
SUPPORT: "The flexibility of mRNA vaccines permits the integration of genetic material from newly discovered ASFV strains, ensuring their relevance and efficacy against evolving threats."  
SCORE: 10
REASON:  The provided text directly supports the fact by stating that the flexibility of mRNA vaccines allows for the integration of genetic material from newly discovered ASFV strains, which aligns with the idea of enhancing their effectiveness. The wording and meaning of both texts are nearly identical, confirming complete justification for the fact.

FACT: The global spread of ASFV has intensified the demand for rapid vaccine development technologies to mitigate economic and agricultural losses.   [3]
SUPPORT: "The global dissemination of ASFV has created an urgent need for rapid vaccine development to prevent devastating economic and agricultural impacts."  
SCORE: 10
REASON:  The provided text fully supports the fact. Both statements convey the same core idea: the global spread of ASFV has intensified the demand for rapid vaccine development to mitigate economic and agricultural losses. The wording in the text is slightly different but maintains the same meaning, confirming the urgency and the need for vaccine development to address the impacts of ASFV. Thus, the text provides complete justification for the fact.

2. Advantages of mRNA vaccines, including speed of development and flexibility in antigen design.  

FACT: mRNA vaccines can be developed rapidly due to their synthetic production process, which eliminates the need for cell culture and complex purification steps. [57]
SUPPORT: "The speed of mRNA vaccine development is unparalleled, as it bypasses the need for cell culture and complex purification steps, allowing for rapid production and scalability."
SCORE: 10
REASON:  The text directly supports the fact by stating that mRNA vaccine development is rapid because it bypasses the need for cell culture and complex purification steps, which aligns exactly with the claim in the fact. The language and key points in the text provide complete justification for the fact.

FACT: mRNA vaccines offer flexibility in antigen design, enabling the incorporation of multiple antigens or modifications to enhance immunogenicity. [55]
SUPPORT: "mRNA vaccines provide a versatile platform for antigen design, allowing for the inclusion of multiple antigens or modifications to optimize immune responses."
SCORE: 10
REASON:  The provided text fully supports the fact. It explicitly states that mRNA vaccines offer a versatile platform for antigen design, allowing for the inclusion of multiple antigens or modifications to optimize immune responses. This directly aligns with the fact that mRNA vaccines offer flexibility in antigen design, enabling the incorporation of multiple antigens or modifications to enhance immunogenicity. The wording and meaning are consistent, providing complete justification for the fact.

FACT: The production of mRNA vaccines is highly scalable, making them suitable for rapid response to emerging infectious diseases. [58]
SUPPORT: "mRNA vaccine production is highly scalable, offering a rapid and adaptable solution for addressing emerging infectious diseases."
SCORE: 10
REASON:  The provided text directly supports the fact by stating that "mRNA vaccine production is highly scalable, offering a rapid and adaptable solution for addressing emerging infectious diseases." This aligns perfectly with the fact, as it explicitly mentions the scalability of mRNA vaccine production and its suitability for rapid response to emerging infectious diseases. The text provides complete justification for the fact.

FACT: mRNA vaccines can be updated quickly to address new viral variants by simply modifying the mRNA sequence. [59]
SUPPORT: "The mRNA platform allows for rapid updates to vaccine formulations by altering the mRNA sequence, making it highly adaptable to new viral variants."
SCORE: 10
REASON:  The provided text explicitly states that the mRNA platform allows for rapid updates to vaccine formulations by altering the mRNA sequence, making it highly adaptable to new viral variants. This directly supports the fact that mRNA vaccines can be updated quickly to address new viral variants by simply modifying the mRNA sequence. The wording and meaning align perfectly, providing complete justification for the fact.

FACT: mRNA vaccines induce both humoral and cellular immune responses, providing comprehensive protection against pathogens. [60]
SUPPORT: "mRNA vaccines elicit robust humoral and cellular immune responses, ensuring broad and effective protection against infectious agents."
SCORE: 10
REASON:  The text explicitly states that mRNA vaccines elicit "robust humoral and cellular immune responses," which directly supports the fact that mRNA vaccines induce both humoral and cellular immune responses. Additionally, the phrase "ensuring broad and effective protection against infectious agents" aligns with the idea of providing "comprehensive protection against pathogens" mentioned in the fact. The wording and meaning in both texts are highly consistent, providing complete justification for the fact.

3. Potential of mRNA vaccines to overcome limitations of traditional vaccine approaches.  

FACT: mRNA vaccines can be rapidly developed and manufactured, offering a significant advantage over traditional vaccines that often require lengthy production processes. [61]
SUPPORT: "mRNA vaccines offer the potential for rapid development and manufacturing, which is particularly advantageous in responding to emerging infectious diseases."
SCORE: 9
REASON:  The provided text strongly supports the fact that mRNA vaccines can be rapidly developed and manufactured, emphasizing their advantage in responding to emerging infectious diseases. The only minor discrepancy is that the specific reference to traditional vaccines' lengthy production processes is not explicitly mentioned in the text. However, the core idea of rapid development and manufacturing is well-supported, justifying a high rating.

FACT: mRNA vaccines can induce both humoral and cellular immune responses, providing a more comprehensive immune defense compared to some traditional vaccines. [62]
SUPPORT: "mRNA vaccines are capable of eliciting robust humoral and cellular immune responses, which are crucial for effective protection against pathogens."
SCORE: 10
REASON:  The provided text directly supports the fact by stating that mRNA vaccines can elicit both humoral and cellular immune responses, which aligns perfectly with the claim in the fact. The text emphasizes the importance of these responses for effective protection, reinforcing the idea that mRNA vaccines provide a comprehensive immune defense, as mentioned in the fact. Therefore, the text provides complete justification for the fact.

FACT: mRNA vaccines do not require the use of live virus, reducing the risk of vaccine-induced infection and making them safer for immunocompromised individuals. [63]
SUPPORT: "Unlike traditional vaccines that may use live or attenuated viruses, mRNA vaccines do not carry the risk of causing vaccine-induced infections, making them a safer option."
SCORE: 9
REASON:  The provided text strongly supports the fact that mRNA vaccines do not require the use of live virus and reduce the risk of vaccine-induced infection. It explicitly states that mRNA vaccines do not carry the risk of causing vaccine-induced infections, which aligns with the fact. However, the text does not explicitly mention immunocompromised individuals, which is a part of the fact. Therefore, while the text provides substantial justification, it does not fully cover all aspects of the fact, warranting a 9 instead of a 10.

FACT: mRNA vaccines can be easily modified to target new strains or variants of a virus, providing flexibility in addressing evolving pathogens. [59]
SUPPORT: "The adaptability of mRNA vaccines allows for quick modifications to target emerging viral variants, a feature that is particularly valuable in the face of rapidly mutating viruses."
SCORE: 10
REASON:  The provided text explicitly supports the fact by stating that mRNA vaccines are adaptable and can be quickly modified to target emerging viral variants. This directly aligns with the fact that mRNA vaccines can be easily modified to address new strains or variants of a virus, emphasizing their flexibility in combating evolving pathogens. The text provides complete justification for the fact.

FACT: mRNA vaccines have shown high efficacy in clinical trials, demonstrating their potential to outperform some traditional vaccine platforms. [64]
SUPPORT: "Clinical trials of mRNA vaccines have consistently demonstrated high efficacy rates, suggesting their potential to surpass traditional vaccine approaches in terms of immunogenicity and protection."
SCORE: 9
REASON:  The provided text strongly supports the fact. Both the fact and the text highlight that mRNA vaccines have shown high efficacy in clinical trials and suggest their potential to outperform traditional vaccine platforms. The wording in the text closely aligns with the fact, using terms like "high efficacy rates" and "surpass traditional vaccine approaches." The only minor difference is the absence of the specific reference "[64]" in the provided text, which is why the rating is not a perfect 10. However, the content itself is highly consistent and supportive.

4. Role of mRNA vaccines in addressing global ASF outbreaks and ensuring food security.  

FACT: mRNA vaccines offer a rapid and adaptable platform for developing vaccines against African Swine Fever (ASF), which is crucial for controlling outbreaks and ensuring global food security.   [65]
SUPPORT: "mRNA vaccines can be rapidly developed and adapted to emerging pathogens, making them a promising tool for controlling infectious diseases like ASF, which threaten livestock and food security globally."  
SCORE: 9
REASON:  The provided text strongly supports the fact by explicitly stating that mRNA vaccines can be rapidly developed and adapted to emerging pathogens like African Swine Fever (ASF). It also highlights their potential in controlling infectious diseases that threaten livestock and global food security, which aligns closely with the fact. The only minor difference is the absence of the specific citation "[65]" in the provided text, but this does not detract from the overall support.

FACT: The ability of mRNA vaccines to induce strong immune responses in pigs could significantly reduce the spread of ASF, protecting the global pork industry and food supply chains.   [66]
SUPPORT: "mRNA vaccines have shown potential to induce robust immune responses in pigs, which could help mitigate the spread of ASF and safeguard the pork industry, a critical component of global food security."  
SCORE: 10
REASON:  The provided text fully supports the fact. It explicitly mentions that mRNA vaccines can induce robust immune responses in pigs, which aligns with the first part of the fact. Additionally, it states that this could help mitigate the spread of ASF and safeguard the pork industry, directly supporting the second part of the fact regarding the protection of the global pork industry and food supply chains. The text and the fact are consistent in both content and intent.

FACT: The flexibility of mRNA vaccine technology allows for the incorporation of multiple ASF viral antigens, enhancing the potential for broader protection against diverse ASF strains.   [56]
SUPPORT: "The modular nature of mRNA vaccines enables the inclusion of multiple viral antigens, offering the possibility of broader protection against various strains of ASF, which is essential for effective disease control."  
SCORE: 10
REASON:  The provided text directly supports the fact by stating that the modular nature of mRNA vaccines allows for the inclusion of multiple viral antigens, which aligns with the claim about the flexibility of mRNA vaccine technology. Additionally, the text mentions the possibility of broader protection against various strains of ASF, which corresponds to the idea of enhancing protection against diverse ASF strains. Therefore, the text fully justifies the fact.

FACT: mRNA vaccines can be produced at scale quickly, making them a viable solution for mass vaccination campaigns in response to ASF outbreaks, particularly in resource-limited settings.   [67]
SUPPORT: "The rapid scalability of mRNA vaccine production makes it a practical option for large-scale vaccination programs, including those targeting ASF in low-resource regions, thereby supporting global food security efforts."  
SCORE: 10
REASON:  The provided text fully supports the fact. It explicitly mentions the "rapid scalability of mRNA vaccine production," aligning with the claim that mRNA vaccines can be produced at scale quickly. Additionally, it highlights their practicality for "large-scale vaccination programs," including those targeting ASF (African Swine Fever) in "low-resource regions," which directly corresponds to the fact's emphasis on mass vaccination campaigns in resource-limited settings. The text also connects this to global food security efforts, reinforcing the viability of mRNA vaccines for addressing ASF outbreaks. Thus, the text provides complete justification for the fact.

FACT: The use of mRNA vaccines in ASF control could reduce economic losses in the pork industry, which is vital for maintaining food security in many countries.   [3]
SUPPORT: "Effective ASF control through innovative vaccines like mRNA vaccines can mitigate economic losses in the pork industry, ensuring stable food supplies and protecting livelihoods in affected regions."  
SCORE: 9
REASON:  The provided text strongly supports the fact by explicitly stating that effective ASF control through innovative vaccines, such as mRNA vaccines, can mitigate economic losses in the pork industry. It also emphasizes the importance of ensuring stable food supplies and protecting livelihoods, which aligns with the idea of maintaining food security in many countries. The only minor difference is that the fact explicitly mentions "mRNA vaccines," while the text refers to "innovative vaccines like mRNA vaccines," but the context and implications are fully consistent.

5. Introduction to ongoing research and trials exploring mRNA vaccines for ASF.FACT: Researchers are exploring mRNA vaccines for African Swine Fever (ASF) due to their potential for rapid development and high efficacy.   [68]

FACT: A recent study demonstrated the potential of mRNA vaccines to induce strong immune responses against ASF in preclinical trials.   [69]
SUPPORT: Preclinical trials have shown that mRNA vaccines can elicit robust immune responses against ASF, highlighting their promise as a novel vaccine platform.  
SCORE: 10
REASON:  The provided text directly supports the fact. It explicitly states that preclinical trials have shown mRNA vaccines can elicit robust immune responses against ASF, which aligns completely with the claim in the fact. The wording and key details (e.g., "mRNA vaccines," "robust immune responses," "ASF," "preclinical trials") are consistent, making the text a complete justification for the fact.

FACT: Collaborations between academic institutions and biotech companies are accelerating the development of mRNA vaccines for ASF.   [70]
SUPPORT: Academic and industry partnerships are critical in advancing mRNA vaccine technologies for diseases like ASF, enabling faster progress and resource sharing.  
SCORE: 9
REASON:  The text strongly supports the fact by explicitly stating that academic and industry partnerships are critical in advancing mRNA vaccine technologies for diseases like ASF, which aligns with the fact that collaborations between academic institutions and biotech companies are accelerating the development of mRNA vaccines for ASF. The text also mentions "faster progress and resource sharing," which further reinforces the idea of acceleration. The only minor gap is that the text does not explicitly mention "biotech companies," but the term "industry" is sufficiently broad to include them. Overall, the text provides nearly complete justification for the fact.

FACT: mRNA vaccines for ASF are being designed to target specific viral proteins, such as p30 and p54, to enhance immune protection.   [71]
SUPPORT: mRNA vaccines for ASF are being developed to encode key viral proteins like p30 and p54, which are essential for eliciting protective immunity.  
SCORE: 10
REASON:  The provided text fully supports the fact. Both texts explicitly mention that mRNA vaccines for ASF are being designed/developed to target/encode specific viral proteins, namely p30 and p54, with the goal of enhancing/eliciting immune protection. The wording is slightly different but conveys the same essential information, confirming the fact. 

FACT: Regulatory agencies are actively evaluating the safety and efficacy of mRNA vaccines for ASF to ensure their suitability for widespread use.   [72]
SUPPORT: Regulatory bodies are assessing mRNA vaccines for ASF to ensure they meet safety and efficacy standards, paving the way for their potential approval and deployment.  
SCORE: 10
REASON:  The provided text fully supports the fact. Both the fact and the text explicitly state that regulatory agencies/bodies are evaluating mRNA vaccines for ASF to ensure their safety and efficacy. The wording and meaning align closely, with no discrepancies. The text even adds context about paving the way for potential approval and deployment, which further reinforces the fact. Therefore, the text provides complete justification for the fact.  

