### Subsection 1.1. Live-attenuated ASFV vaccines
Suggested ideas:
1. **Safety Concerns**: Discuss the inherent safety risks associated with live-attenuated vaccines, such as the potential for reversion to virulence and the risk of chronic infection in pigs, which can act as reservoirs for the virus[3][4].
2. **Efficacy and Protection**: Describe the promising results of live-attenuated vaccines in inducing protection against ASFV, but highlight the challenges in maintaining the balance between attenuation and immunogenicity[3][4].
3. **Genome Modification**: Explain how multiple gene deletions or passages can alter the virulence, safety, and protective efficacy of the vaccine, and the variability in outcomes depending on the virus strain used[3].

### Subsection 1.2. Inactivated and protein ASFV vaccine
Suggested ideas:
1. **Ineffectiveness**: Mention that previously developed inactivated vaccines have proven ineffective against ASFV, highlighting the need for more effective vaccine strategies[1][3].
2. **Limitations of Protein Vaccines**: Discuss the limitations of protein-based vaccines, including the lack of identified protective antigens and the inconsistent efficacy due to heterogeneity among antigens and virus strains[3].

### Subsection 1.3. DNA and virus-vectored ASFV vaccines
Suggested ideas:
1. **Partial Success**: Note the partial success of DNA vaccines in protecting pigs from ASFV infection, but also the risks associated with insertional mutagenesis[3].
2. **Viral Vectors**: Explain the use of viral vectors for DNA/RNA delivery and the potential benefits, such as enhanced safety and stability compared to live-attenuated vaccines[3].
3. **Challenges and Gaps**: Highlight the gaps in knowledge regarding the mechanisms of infection and immune response, which hinder the development of effective DNA and virus-vectored vaccines[3].

### Subsection 1.4. RNA ASFV vaccines
Suggested ideas:
1. **Emerging Technology**: Introduce RNA vaccines, particularly mRNA vaccines, as an emerging and promising technology for combating ASFV, with advantages such as rapid development and moderate production costs[1][4][5].       
2. **Feasibility Studies**: Discuss studies assessing the feasibility of using mRNA vaccine technology for ASFV, including the successful generation of mRNA transcripts and protein expression[4].

### Subsection 1.5. The challenges of developing ASFV vaccines
Suggested ideas:
1. **Knowledge Gaps**: Highlight the gaps in understanding ASFV virology and immunology, which are critical barriers to vaccine development[3].
2. **Antigen Identification**: Discuss the lack of identified protective antigens and the need to differentiate between infected and vaccinated animals (DIVA strategy)[3].
3. **Immune Response Complexity**: Explain the complexity of the immune response to ASFV, including the detrimental effects of high antibody levels and the need for balanced immunogenicity[3].

### Subsection 2.1. The principal pharmacology of mRNA vaccine
Suggested ideas:
1. **Mechanism of Action**: Describe how mRNA vaccines work by instructing cells to produce a specific protein, which then triggers an immune response[2][5].
2. **Cellular Uptake and Expression**: Explain the process of cellular uptake of mRNA, translation into protein, and the display of the protein on the cell surface to stimulate the immune system[2][5].
3. **Immune Response Induction**: Discuss how the immune system recognizes the protein produced by the mRNA vaccine and develops an immune response against it[2][5].

### Subsection 3.1. mRNA vaccine can induce powerful Th1-bias immune response and memory
Suggested ideas:
1. **Th1-bias Immune Response**: Explain how mRNA vaccines can induce a Th1-bias immune response, which is crucial for combating viral infections like ASFV[1].
2. **Memory Cell Generation**: Discuss the ability of mRNA vaccines to generate antigen-specific memory cells, providing long-term immunity[1].
3. **Simulation Studies**: Mention immune simulation studies that demonstrate the successful induction of immune responses by mRNA vaccines[1].

### Subsection 3.2. mRNA vaccine enables the development of multivalent ASFV vaccines
1. **Potential Impact**: Discuss the potential impact of mRNA vaccines on the control and prevention of ASF, including their role in combating other significant livestock diseases[2][5].
2. **Regulatory and Public Acceptance**: Address the regulatory and public acceptance challenges surrounding mRNA vaccines in livestock, including concerns about vaccine remnants in meat and the need for withdrawal periods[2][5].
3. **Continued Research and Development**: Emphasize the need for continued research and development to overcome the current limitations and fully realize the potential of mRNA vaccines against ASFV[1][3][4].
